
ankita.kavathekar@AGLPUN-D0246 MINGW64 ~/Desktop
$ code .

ankita.kavathekar@AGLPUN-D0246 MINGW64 ~/Desktop
$ git status
fatal: not a git repository (or any of the parent directories): .git

ankita.kavathekar@AGLPUN-D0246 MINGW64 ~/Desktop
$ git init
Initialized empty Git repository in C:/Users/ankita.kavathekar/Desktop/.git/

ankita.kavathekar@AGLPUN-D0246 MINGW64 ~/Desktop (master)
$ git status
On branch master

No commits yet

Untracked files:
  (use "git add <file>..." to include in what will be committed)
        GitHub Desktop.lnk
        Person 1 - Chrome.lnk
        desktop.ini

nothing added to commit but untracked files present (use "git add" to track)

ankita.kavathekar@AGLPUN-D0246 MINGW64 ~/Desktop (master)
$ git add.A
git: 'add.A' is not a git command. See 'git --help'.

ankita.kavathekar@AGLPUN-D0246 MINGW64 ~/Desktop (master)
$ git add -A

ankita.kavathekar@AGLPUN-D0246 MINGW64 ~/Desktop (master)
$ git commit
hint: Waiting for your editor to close the file... clear
clear
